// Jest Snapshot v1, https://goo.gl/fbAQLP

exports[`Header should match the snapshot 1`] = `
<header>
  <NavLink
    activeClassName="active"
    aria-current="page"
    id="title"
    to="/"
  >
    <h1>
      Listy
    </h1>
  </NavLink>
  <NavLink
    activeClassName="active"
    aria-current="page"
    id="add-note-link"
    onClick={[Function]}
    to="/new-note"
  >
    <i
      className="fas fa-plus-circle new-note-icon"
    />
  </NavLink>
</header>
`;
