// Jest Snapshot v1, https://goo.gl/fbAQLP

exports[`Header should match the snapshot 1`] = `
<header>
  <NavLink
    activeClassName="active"
    aria-current="page"
    to="/"
  >
    <h1
      id="title-text"
    >
      Listy
    </h1>
  </NavLink>
  <NavLink
    activeClassName="active"
    aria-current="page"
    id="add-note-link"
    to="/new-note"
  >
    <i
      className="fas fa-plus-circle new-note-icon"
      data-for="tooltip"
      data-tip={true}
    />
  </NavLink>
  <ReactTooltip
    effect="solid"
    id="tooltip"
    insecure={true}
    resizeHide={true}
    type="dark"
    wrapper="div"
  >
    Add a new note
  </ReactTooltip>
</header>
`;
