// Jest Snapshot v1, https://goo.gl/fbAQLP

exports[`App should match the correct snapshot 1`] = `
<div>
  <Header />
  <div>
    <Switch>
      <Route
        component={[Function]}
        path="/"
      />
      <Route
        path="*"
        render={[Function]}
      />
      <Route
        path="/not-found"
        render={[Function]}
      />
    </Switch>
    <Route
      component={[Function]}
      path="/new-note"
    />
    <Route
      path="/notes/:id"
      render={[Function]}
    />
  </div>
</div>
`;
