// Jest Snapshot v1, https://goo.gl/fbAQLP

exports[`NotesSection NotesSection component should match the correct snapshot 1`] = `
<Masonry
  breakpointCols={
    Object {
      "1100": 3,
      "500": 1,
      "700": 2,
      "default": 4,
    }
  }
  className="my-masonry-grid"
  columnClassName="my-masonry-grid_column"
>
  <Connect(Note)
    key="1"
    note={
      Object {
        "id": "1",
        "issues": Array [],
        "title": "title1",
      }
    }
  />
  <Connect(Note)
    key="1"
    note={
      Object {
        "id": "1",
        "issues": Array [],
        "title": "title2",
      }
    }
  />
</Masonry>
`;
