// Jest Snapshot v1, https://goo.gl/fbAQLP

exports[`NoteForm NoteForm component should match the correct snapshot 1`] = `
<div
  className="overlay-div"
>
  <form
    className="note-pop-up white"
    onSubmit={[Function]}
  >
    <input
      className="title-input"
      maxLength="30"
      onChange={[Function]}
      placeholder="Title"
      value="Title"
    />
    <ul
      className="incomplete-items"
    />
    <button
      className="add-issue-button"
      onClick={[Function]}
    >
      <i
        className="fas fa-plus-circle form-add-icon"
      />
    </button>
    <ul
      className="completed-items"
    />
    <p
      className="error-message"
    />
    <div
      className="card-footer"
    >
      <select
        id="drop-down"
        onChange={[Function]}
      >
        <option
          value="default"
        >
          Change Note Color
        </option>
        <option
          value="white"
        >
          White
        </option>
        <option
          value="blue"
        >
          Blue
        </option>
        <option
          value="purple"
        >
          Purple
        </option>
        <option
          value="green"
        >
          Green
        </option>
        <option
          value="red"
        >
          Red
        </option>
      </select>
      <button
        className="submit-button"
      />
      <button
        className="delete-button"
        onClick={[Function]}
      />
    </div>
  </form>
</div>
`;
