// Jest Snapshot v1, https://goo.gl/fbAQLP

exports[`Issue should match the correct snapshot 1`] = `
<li
  id={1}
  key="1"
>
  <span>
    <i
      className="fas fa-square"
      onClick={[MockFunction]}
    />
    <input
      onChange={[MockFunction]}
      value=""
    />
  </span>
  <button
    onClick={[MockFunction]}
  >
    Delete
  </button>
</li>
`;
