// Jest Snapshot v1, https://goo.gl/fbAQLP

exports[`Issue should match the correct snapshot 1`] = `
<li
  className="issue-li"
  id={1}
  key="1"
>
  <span>
    <button
      className="incomplete-item"
      onClick={[MockFunction]}
    />
    <input
      maxlength="45"
      onChange={[MockFunction]}
      placeholder="Add a list item..."
      value=""
    />
  </span>
  <button
    className="list-delete-button"
    onClick={[MockFunction]}
  />
</li>
`;
