// Jest Snapshot v1, https://goo.gl/fbAQLP

exports[`Note Note component should match the correct snapshot 1`] = `
<div
  className="note-card undefined"
>
  <h3>
    Title
  </h3>
  <ul
    className="incomplete-list"
  />
  <ul
    className="completed-list"
  />
  <Link
    replace={false}
    to="/notes/undefined"
  >
    <button
      className="edit-button-note"
    />
  </Link>
</div>
`;
